// Jest Snapshot v1, https://goo.gl/fbAQLP

exports[`should render a header 1`] = `
<div>
  <div>
    One second... all of your entries are coming!
  </div>
</div>
`;
